// Jest Snapshot v1, https://goo.gl/fbAQLP

exports[`renders correctly 1`] = `
<div
  id="body"
>
  <h3>
    Let's do some math!
  </h3>
  <div
    className="calculator"
  >
    <p />
    <button
      className="gray"
      onClick={[Function]}
      type="submit"
    >
      AC
    </button>
    <button
      className="gray"
      onClick={[Function]}
      type="submit"
    >
      +/-
    </button>
    <button
      className="gray"
      onClick={[Function]}
      type="submit"
    >
      %
    </button>
    <button
      className="orange"
      onClick={[Function]}
      type="submit"
    >
      รท
    </button>
    <button
      className="gray"
      onClick={[Function]}
      type="submit"
    >
      7
    </button>
    <button
      className="gray"
      onClick={[Function]}
      type="submit"
    >
      8
    </button>
    <button
      className="gray"
      onClick={[Function]}
      type="submit"
    >
      9
    </button>
    <button
      className="orange"
      onClick={[Function]}
      type="submit"
    >
      x
    </button>
    <button
      className="gray"
      onClick={[Function]}
      type="submit"
    >
      4
    </button>
    <button
      className="gray"
      onClick={[Function]}
      type="submit"
    >
      5
    </button>
    <button
      className="gray"
      onClick={[Function]}
      type="submit"
    >
      6
    </button>
    <button
      className="orange"
      onClick={[Function]}
      type="submit"
    >
      -
    </button>
    <button
      className="gray"
      onClick={[Function]}
      type="submit"
    >
      1
    </button>
    <button
      className="gray"
      onClick={[Function]}
      type="submit"
    >
      2
    </button>
    <button
      className="gray"
      onClick={[Function]}
      type="submit"
    >
      3
    </button>
    <button
      className="orange"
      onClick={[Function]}
      type="submit"
    >
      +
    </button>
    <button
      className="gray"
      onClick={[Function]}
      type="submit"
    >
      0
    </button>
    <button
      className="gray"
      onClick={[Function]}
      type="submit"
    >
      .
    </button>
    <button
      className="orange"
      onClick={[Function]}
      type="submit"
    >
      =
    </button>
  </div>
</div>
`;
