// Jest Snapshot v1, https://goo.gl/fbAQLP

exports[`renders correctly 1`] = `
<p
  data-testid="momo-id"
>
   
  Mathematics is not about numbers, equations, computations, or algorithms: it is about understanding. - William Paul Thurston
</p>
`;
