// Jest Snapshot v1, https://goo.gl/fbAQLP

exports[`renders correctly 1`] = `
Array [
  <div
    className="outer"
  >
    <div
      className="inner-1"
    >
      <a
        href="/"
        onClick={[Function]}
      >
        <h1>
          Math Magicians
        </h1>
      </a>
    </div>
    <div
      className="inner-2"
    >
      <ul>
        <li>
          <a
            href="/"
            onClick={[Function]}
          >
            Home
          </a>
        </li>
        <li>
          <a
            href="/Calculator"
            onClick={[Function]}
          >
            Calculator
          </a>
        </li>
        <li>
          <a
            href="/Quote"
            onClick={[Function]}
          >
            Quote
          </a>
        </li>
      </ul>
    </div>
  </div>,
  <div
    className="Home"
  >
    <h2>
      Welcome to our page!
    </h2>
    <p>
      Sed ut perspiciatis unde omnis iste natus error sit voluptatem accusantium doloremque laudantium,totam rem aperiam, eaque ipsa quae ab illo inventore veritatis et quasi architecto beatae vitae dicta sunt explicabo. Nemo enim ipsam voluptatem quia voluptas sit aspernatur aut odit aut fugit, sed quia consequuntur magni dolores eos qui ratione voluptatem sequi nesciunt. Neque porro quisquam est, qui dolorem ipsum quia dolor sit amet, consectetur, adipisci velit, sed quia non numquam eius modi tempora incidunt ut labore et dolore magnam aliquam quaerat voluptatem. Ut enim ad minima veniam, quis nostrum exercitationem ullam corporis suscipit laboriosam, nisi ut aliquid ex ea commodi consequatur? Quis autem vel eum iure reprehenderit qui in ea voluptate velit esse quam nihil molestiae consequatur, vel illum qui dolorem eum fugiat quo voluptas nulla pariatur?
       
    </p>
    <p>
      Sed ut perspiciatis unde omnis iste natus error sit voluptatem accusantium doloremque laudantium,totam rem aperiam, eaque ipsa quae ab illo inventore veritatis et quasi architecto beatae vitae dicta sunt explicabo. Nemo enim ipsam voluptatem quia voluptas sit aspernatur aut odit aut fugit, sed quia consequuntur magni dolores eos qui ratione voluptatem sequi nesciunt. Neque porro quisquam est, qui dolorem ipsum quia dolor sit amet, consectetur, adipisci velit, sed quia non numquam eius modi tempora incidunt ut labore et dolore magnam aliquam quaerat voluptatem. Ut enim ad minima veniam, quis nostrum exercitationem ullam corporis suscipit laboriosam, nisi ut aliquid ex ea commodi consequatur? Quis autem vel eum iure reprehenderit qui in ea voluptate velit esse quam nihil molestiae consequatur, vel illum qui dolorem eum fugiat quo voluptas nulla pariatur?
       
    </p>
  </div>,
]
`;
